<?xml version="1.0" encoding="UTF-8" ?>
<testsuites name="vitest tests" tests="2" failures="0" errors="0" time="0.2371472">
    <testsuite name="test/app.test.ts" timestamp="2026-05-26T13:02:10.162Z" hostname="LAPTOP-71RTNG8M" tests="2" failures="0" errors="0" skipped="0" time="0.2371472">
        <testcase classname="test/app.test.ts" name="Fastify app &gt; GET /health returns ok status" time="0.2329912">
        </testcase>
        <testcase classname="test/app.test.ts" name="Fastify app &gt; GET / returns app message and version" time="0.0025511">
        </testcase>
    </testsuite>
</testsuites>
